Archive member included to satisfy reference by file (symbol)

c:/program files/microchip/xc8/v3.10/avr/bin/../lib/gcc/avr/5.4.0/avrxmega3\libgcc.a(_tablejump2.o)
                              build/default/production/main.o (__tablejump2__)
c:/program files/microchip/xc8/v3.10/avr/bin/../lib/gcc/avr/5.4.0/avrxmega3\libgcc.a(_copy_data.o)
                              build/default/production/main.o (__do_copy_data)
c:/program files/microchip/xc8/v3.10/avr/bin/../lib/gcc/avr/5.4.0/avrxmega3\libgcc.a(_divdi3.o)
                              build/default/production/main.o (__moddi3)
c:/program files/microchip/xc8/v3.10/avr/bin/../lib/gcc/avr/5.4.0/avrxmega3\libgcc.a(_udivdi3.o)
                              c:/program files/microchip/xc8/v3.10/avr/bin/../lib/gcc/avr/5.4.0/avrxmega3\libgcc.a(_divdi3.o) (__udivdi3_umoddi3)
c:/program files/microchip/xc8/v3.10/avr/bin/../lib/gcc/avr/5.4.0/avrxmega3\libgcc.a(_udivmod64.o)
                              c:/program files/microchip/xc8/v3.10/avr/bin/../lib/gcc/avr/5.4.0/avrxmega3\libgcc.a(_divdi3.o) (__udivmod64)
c:/program files/microchip/xc8/v3.10/avr/bin/../lib/gcc/avr/5.4.0/avrxmega3\libgcc.a(_negdi2.o)
                              build/default/production/main.o (__negdi2)
c:/program files/microchip/xc8/v3.10/avr/bin/../lib/gcc/avr/5.4.0/avrxmega3\libgcc.a(_prologue.o)
                              c:/program files/microchip/xc8/v3.10/avr/bin/../lib/gcc/avr/5.4.0/avrxmega3\libgcc.a(_divdi3.o) (__prologue_saves__)
c:/program files/microchip/xc8/v3.10/avr/bin/../lib/gcc/avr/5.4.0/avrxmega3\libgcc.a(_epilogue.o)
                              c:/program files/microchip/xc8/v3.10/avr/bin/../lib/gcc/avr/5.4.0/avrxmega3\libgcc.a(_divdi3.o) (__epilogue_restores__)
c:/program files/microchip/xc8/v3.10/avr/bin/../lib/gcc/avr/5.4.0/avrxmega3\libgcc.a(_ashldi3.o)
                              build/default/production/main.o (__ashldi3)
c:/program files/microchip/xc8/v3.10/avr/bin/../lib/gcc/avr/5.4.0/avrxmega3\libgcc.a(_adddi3.o)
                              build/default/production/main.o (__adddi3)
c:/program files/microchip/xc8/v3.10/avr/bin/../lib/gcc/avr/5.4.0/avrxmega3\libgcc.a(_cmpdi2_with_0.o)
                              build/default/production/main.o (__cmpdi2_with_0)
c:/program files/microchip/xc8/v3.10/avr/bin/../lib/gcc/avr/5.4.0/../../../../avr/lib/avrxmega3\libc.a(exit.o)
                              C:/Program Files/Microchip/MPLABX/v6.30/packs/Microchip/ATmega_DFP/3.5.296/xc8/avr/lib/avrxmega3/crtatmega4809.o (exit)
c:/program files/microchip/xc8/v3.10/avr/bin/../lib/gcc/avr/5.4.0/../../../../avr/lib/avrxmega3\libc.a(_Exit.o)
                              c:/program files/microchip/xc8/v3.10/avr/bin/../lib/gcc/avr/5.4.0/../../../../avr/lib/avrxmega3\libc.a(exit.o) (_Exit)
C:/Program Files/Microchip/MPLABX/v6.30/packs/Microchip/ATmega_DFP/3.5.296/xc8/avr/lib/avrxmega3\libatmega4809.a(eerd_byte.o)
                              build/default/production/main.o (eeprom_read_byte)
C:/Program Files/Microchip/MPLABX/v6.30/packs/Microchip/ATmega_DFP/3.5.296/xc8/avr/lib/avrxmega3\libatmega4809.a(eerd_dword.o)
                              build/default/production/main.o (eeprom_read_dword)
C:/Program Files/Microchip/MPLABX/v6.30/packs/Microchip/ATmega_DFP/3.5.296/xc8/avr/lib/avrxmega3\libatmega4809.a(eeupd_byte.o)
                              build/default/production/main.o (eeprom_update_byte)
C:/Program Files/Microchip/MPLABX/v6.30/packs/Microchip/ATmega_DFP/3.5.296/xc8/avr/lib/avrxmega3\libatmega4809.a(eeupd_dword.o)
                              build/default/production/main.o (eeprom_update_dword)
C:/Program Files/Microchip/MPLABX/v6.30/packs/Microchip/ATmega_DFP/3.5.296/xc8/avr/lib/avrxmega3\libatmega4809.a(eewr_byte.o)
                              C:/Program Files/Microchip/MPLABX/v6.30/packs/Microchip/ATmega_DFP/3.5.296/xc8/avr/lib/avrxmega3\libatmega4809.a(eeupd_byte.o) (eeprom_write_r18)
c:/program files/microchip/xc8/v3.10/avr/bin/../lib/gcc/avr/5.4.0/avrxmega3\libgcc.a(_exit.o)
                              c:/program files/microchip/xc8/v3.10/avr/bin/../lib/gcc/avr/5.4.0/../../../../avr/lib/avrxmega3\libc.a(_Exit.o) (_exit)

Discarded input sections

 .data          0x0000000000000000        0x0 C:/Program Files/Microchip/MPLABX/v6.30/packs/Microchip/ATmega_DFP/3.5.296/xc8/avr/lib/avrxmega3/crtatmega4809.o
 .bss           0x0000000000000000        0x0 C:/Program Files/Microchip/MPLABX/v6.30/packs/Microchip/ATmega_DFP/3.5.296/xc8/avr/lib/avrxmega3/crtatmega4809.o
 .text          0x0000000000000000        0x0 build/default/production/main.o
 .data          0x0000000000000000        0x0 build/default/production/main.o
 .bss           0x0000000000000000        0x0 build/default/production/main.o
 .text          0x0000000000000000        0x0 c:/program files/microchip/xc8/v3.10/avr/bin/../lib/gcc/avr/5.4.0/avrxmega3\libgcc.a(_tablejump2.o)
 .data          0x0000000000000000        0x0 c:/program files/microchip/xc8/v3.10/avr/bin/../lib/gcc/avr/5.4.0/avrxmega3\libgcc.a(_tablejump2.o)
 .bss           0x0000000000000000        0x0 c:/program files/microchip/xc8/v3.10/avr/bin/../lib/gcc/avr/5.4.0/avrxmega3\libgcc.a(_tablejump2.o)
 .text.libgcc.mul
                0x0000000000000000        0x0 c:/program files/microchip/xc8/v3.10/avr/bin/../lib/gcc/avr/5.4.0/avrxmega3\libgcc.a(_tablejump2.o)
 .text.libgcc.div
                0x0000000000000000        0x0 c:/program files/microchip/xc8/v3.10/avr/bin/../lib/gcc/avr/5.4.0/avrxmega3\libgcc.a(_tablejump2.o)
 .text.libgcc.prologue
                0x0000000000000000        0x0 c:/program files/microchip/xc8/v3.10/avr/bin/../lib/gcc/avr/5.4.0/avrxmega3\libgcc.a(_tablejump2.o)
 .stack.descriptors
                0x0000000000000000       0x1c c:/program files/microchip/xc8/v3.10/avr/bin/../lib/gcc/avr/5.4.0/avrxmega3\libgcc.a(_tablejump2.o)
 .text.libgcc.builtins
                0x0000000000000000        0x0 c:/program files/microchip/xc8/v3.10/avr/bin/../lib/gcc/avr/5.4.0/avrxmega3\libgcc.a(_tablejump2.o)
 .text.libgcc.fmul
                0x0000000000000000        0x0 c:/program files/microchip/xc8/v3.10/avr/bin/../lib/gcc/avr/5.4.0/avrxmega3\libgcc.a(_tablejump2.o)
 .text.libgcc.fixed
                0x0000000000000000        0x0 c:/program files/microchip/xc8/v3.10/avr/bin/../lib/gcc/avr/5.4.0/avrxmega3\libgcc.a(_tablejump2.o)
 .text          0x0000000000000000        0x0 c:/program files/microchip/xc8/v3.10/avr/bin/../lib/gcc/avr/5.4.0/avrxmega3\libgcc.a(_copy_data.o)
 .data          0x0000000000000000        0x0 c:/program files/microchip/xc8/v3.10/avr/bin/../lib/gcc/avr/5.4.0/avrxmega3\libgcc.a(_copy_data.o)
 .bss           0x0000000000000000        0x0 c:/program files/microchip/xc8/v3.10/avr/bin/../lib/gcc/avr/5.4.0/avrxmega3\libgcc.a(_copy_data.o)
 .text.libgcc.mul
                0x0000000000000000        0x0 c:/program files/microchip/xc8/v3.10/avr/bin/../lib/gcc/avr/5.4.0/avrxmega3\libgcc.a(_copy_data.o)
 .text.libgcc.div
                0x0000000000000000        0x0 c:/program files/microchip/xc8/v3.10/avr/bin/../lib/gcc/avr/5.4.0/avrxmega3\libgcc.a(_copy_data.o)
 .text.libgcc   0x0000000000000000        0x0 c:/program files/microchip/xc8/v3.10/avr/bin/../lib/gcc/avr/5.4.0/avrxmega3\libgcc.a(_copy_data.o)
 .text.libgcc.prologue
                0x0000000000000000        0x0 c:/program files/microchip/xc8/v3.10/avr/bin/../lib/gcc/avr/5.4.0/avrxmega3\libgcc.a(_copy_data.o)
 .text.libgcc.builtins
                0x0000000000000000        0x0 c:/program files/microchip/xc8/v3.10/avr/bin/../lib/gcc/avr/5.4.0/avrxmega3\libgcc.a(_copy_data.o)
 .text.libgcc.fmul
                0x0000000000000000        0x0 c:/program files/microchip/xc8/v3.10/avr/bin/../lib/gcc/avr/5.4.0/avrxmega3\libgcc.a(_copy_data.o)
 .text.libgcc.fixed
                0x0000000000000000        0x0 c:/program files/microchip/xc8/v3.10/avr/bin/../lib/gcc/avr/5.4.0/avrxmega3\libgcc.a(_copy_data.o)
 .text          0x0000000000000000        0x0 c:/program files/microchip/xc8/v3.10/avr/bin/../lib/gcc/avr/5.4.0/avrxmega3\libgcc.a(_divdi3.o)
 .data          0x0000000000000000        0x0 c:/program files/microchip/xc8/v3.10/avr/bin/../lib/gcc/avr/5.4.0/avrxmega3\libgcc.a(_divdi3.o)
 .bss           0x0000000000000000        0x0 c:/program files/microchip/xc8/v3.10/avr/bin/../lib/gcc/avr/5.4.0/avrxmega3\libgcc.a(_divdi3.o)
 .text.libgcc.mul
                0x0000000000000000        0x0 c:/program files/microchip/xc8/v3.10/avr/bin/../lib/gcc/avr/5.4.0/avrxmega3\libgcc.a(_divdi3.o)
 .stack.descriptors
                0x0000000000000000       0x49 c:/program files/microchip/xc8/v3.10/avr/bin/../lib/gcc/avr/5.4.0/avrxmega3\libgcc.a(_divdi3.o)
 .text.libgcc   0x0000000000000000        0x0 c:/program files/microchip/xc8/v3.10/avr/bin/../lib/gcc/avr/5.4.0/avrxmega3\libgcc.a(_divdi3.o)
 .text.libgcc.prologue
                0x0000000000000000        0x0 c:/program files/microchip/xc8/v3.10/avr/bin/../lib/gcc/avr/5.4.0/avrxmega3\libgcc.a(_divdi3.o)
 .text.libgcc.builtins
                0x0000000000000000        0x0 c:/program files/microchip/xc8/v3.10/avr/bin/../lib/gcc/avr/5.4.0/avrxmega3\libgcc.a(_divdi3.o)
 .text.libgcc.fmul
                0x0000000000000000        0x0 c:/program files/microchip/xc8/v3.10/avr/bin/../lib/gcc/avr/5.4.0/avrxmega3\libgcc.a(_divdi3.o)
 .text.libgcc.fixed
                0x0000000000000000        0x0 c:/program files/microchip/xc8/v3.10/avr/bin/../lib/gcc/avr/5.4.0/avrxmega3\libgcc.a(_divdi3.o)
 .text          0x0000000000000000        0x0 c:/program files/microchip/xc8/v3.10/avr/bin/../lib/gcc/avr/5.4.0/avrxmega3\libgcc.a(_udivdi3.o)
 .data          0x0000000000000000        0x0 c:/program files/microchip/xc8/v3.10/avr/bin/../lib/gcc/avr/5.4.0/avrxmega3\libgcc.a(_udivdi3.o)
 .bss           0x0000000000000000        0x0 c:/program files/microchip/xc8/v3.10/avr/bin/../lib/gcc/avr/5.4.0/avrxmega3\libgcc.a(_udivdi3.o)
 .text.libgcc.mul
                0x0000000000000000        0x0 c:/program files/microchip/xc8/v3.10/avr/bin/../lib/gcc/avr/5.4.0/avrxmega3\libgcc.a(_udivdi3.o)
 .stack.descriptors
                0x0000000000000000       0x4d c:/program files/microchip/xc8/v3.10/avr/bin/../lib/gcc/avr/5.4.0/avrxmega3\libgcc.a(_udivdi3.o)
 .text.libgcc   0x0000000000000000        0x0 c:/program files/microchip/xc8/v3.10/avr/bin/../lib/gcc/avr/5.4.0/avrxmega3\libgcc.a(_udivdi3.o)
 .text.libgcc.prologue
                0x0000000000000000        0x0 c:/program files/microchip/xc8/v3.10/avr/bin/../lib/gcc/avr/5.4.0/avrxmega3\libgcc.a(_udivdi3.o)
 .text.libgcc.builtins
                0x0000000000000000        0x0 c:/program files/microchip/xc8/v3.10/avr/bin/../lib/gcc/avr/5.4.0/avrxmega3\libgcc.a(_udivdi3.o)
 .text.libgcc.fmul
                0x0000000000000000        0x0 c:/program files/microchip/xc8/v3.10/avr/bin/../lib/gcc/avr/5.4.0/avrxmega3\libgcc.a(_udivdi3.o)
 .text.libgcc.fixed
                0x0000000000000000        0x0 c:/program files/microchip/xc8/v3.10/avr/bin/../lib/gcc/avr/5.4.0/avrxmega3\libgcc.a(_udivdi3.o)
 .text          0x0000000000000000        0x0 c:/program files/microchip/xc8/v3.10/avr/bin/../lib/gcc/avr/5.4.0/avrxmega3\libgcc.a(_udivmod64.o)
 .data          0x0000000000000000        0x0 c:/program files/microchip/xc8/v3.10/avr/bin/../lib/gcc/avr/5.4.0/avrxmega3\libgcc.a(_udivmod64.o)
 .bss           0x0000000000000000        0x0 c:/program files/microchip/xc8/v3.10/avr/bin/../lib/gcc/avr/5.4.0/avrxmega3\libgcc.a(_udivmod64.o)
 .text.libgcc.mul
                0x0000000000000000        0x0 c:/program files/microchip/xc8/v3.10/avr/bin/../lib/gcc/avr/5.4.0/avrxmega3\libgcc.a(_udivmod64.o)
 .stack.descriptors
                0x0000000000000000       0x19 c:/program files/microchip/xc8/v3.10/avr/bin/../lib/gcc/avr/5.4.0/avrxmega3\libgcc.a(_udivmod64.o)
 .text.libgcc   0x0000000000000000        0x0 c:/program files/microchip/xc8/v3.10/avr/bin/../lib/gcc/avr/5.4.0/avrxmega3\libgcc.a(_udivmod64.o)
 .text.libgcc.prologue
                0x0000000000000000        0x0 c:/program files/microchip/xc8/v3.10/avr/bin/../lib/gcc/avr/5.4.0/avrxmega3\libgcc.a(_udivmod64.o)
 .text.libgcc.builtins
                0x0000000000000000        0x0 c:/program files/microchip/xc8/v3.10/avr/bin/../lib/gcc/avr/5.4.0/avrxmega3\libgcc.a(_udivmod64.o)
 .text.libgcc.fmul
                0x0000000000000000        0x0 c:/program files/microchip/xc8/v3.10/avr/bin/../lib/gcc/avr/5.4.0/avrxmega3\libgcc.a(_udivmod64.o)
 .text.libgcc.fixed
                0x0000000000000000        0x0 c:/program files/microchip/xc8/v3.10/avr/bin/../lib/gcc/avr/5.4.0/avrxmega3\libgcc.a(_udivmod64.o)
 .text          0x0000000000000000        0x0 c:/program files/microchip/xc8/v3.10/avr/bin/../lib/gcc/avr/5.4.0/avrxmega3\libgcc.a(_negdi2.o)
 .data          0x0000000000000000        0x0 c:/program files/microchip/xc8/v3.10/avr/bin/../lib/gcc/avr/5.4.0/avrxmega3\libgcc.a(_negdi2.o)
 .bss           0x0000000000000000        0x0 c:/program files/microchip/xc8/v3.10/avr/bin/../lib/gcc/avr/5.4.0/avrxmega3\libgcc.a(_negdi2.o)
 .text.libgcc.mul
                0x0000000000000000        0x0 c:/program files/microchip/xc8/v3.10/avr/bin/../lib/gcc/avr/5.4.0/avrxmega3\libgcc.a(_negdi2.o)
 .text.libgcc.div
                0x0000000000000000        0x0 c:/program files/microchip/xc8/v3.10/avr/bin/../lib/gcc/avr/5.4.0/avrxmega3\libgcc.a(_negdi2.o)
 .stack.descriptors
                0x0000000000000000       0x16 c:/program files/microchip/xc8/v3.10/avr/bin/../lib/gcc/avr/5.4.0/avrxmega3\libgcc.a(_negdi2.o)
 .text.libgcc.prologue
                0x0000000000000000        0x0 c:/program files/microchip/xc8/v3.10/avr/bin/../lib/gcc/avr/5.4.0/avrxmega3\libgcc.a(_negdi2.o)
 .text.libgcc.builtins
                0x0000000000000000        0x0 c:/program files/microchip/xc8/v3.10/avr/bin/../lib/gcc/avr/5.4.0/avrxmega3\libgcc.a(_negdi2.o)
 .text.libgcc.fmul
                0x0000000000000000        0x0 c:/program files/microchip/xc8/v3.10/avr/bin/../lib/gcc/avr/5.4.0/avrxmega3\libgcc.a(_negdi2.o)
 .text.libgcc.fixed
                0x0000000000000000        0x0 c:/program files/microchip/xc8/v3.10/avr/bin/../lib/gcc/avr/5.4.0/avrxmega3\libgcc.a(_negdi2.o)
 .text          0x0000000000000000        0x0 c:/program files/microchip/xc8/v3.10/avr/bin/../lib/gcc/avr/5.4.0/avrxmega3\libgcc.a(_prologue.o)
 .data          0x0000000000000000        0x0 c:/program files/microchip/xc8/v3.10/avr/bin/../lib/gcc/avr/5.4.0/avrxmega3\libgcc.a(_prologue.o)
 .bss           0x0000000000000000        0x0 c:/program files/microchip/xc8/v3.10/avr/bin/../lib/gcc/avr/5.4.0/avrxmega3\libgcc.a(_prologue.o)
 .text.libgcc.mul
                0x0000000000000000        0x0 c:/program files/microchip/xc8/v3.10/avr/bin/../lib/gcc/avr/5.4.0/avrxmega3\libgcc.a(_prologue.o)
 .text.libgcc.div
                0x0000000000000000        0x0 c:/program files/microchip/xc8/v3.10/avr/bin/../lib/gcc/avr/5.4.0/avrxmega3\libgcc.a(_prologue.o)
 .text.libgcc   0x0000000000000000        0x0 c:/program files/microchip/xc8/v3.10/avr/bin/../lib/gcc/avr/5.4.0/avrxmega3\libgcc.a(_prologue.o)
 .text.libgcc.builtins
                0x0000000000000000        0x0 c:/program files/microchip/xc8/v3.10/avr/bin/../lib/gcc/avr/5.4.0/avrxmega3\libgcc.a(_prologue.o)
 .text.libgcc.fmul
                0x0000000000000000        0x0 c:/program files/microchip/xc8/v3.10/avr/bin/../lib/gcc/avr/5.4.0/avrxmega3\libgcc.a(_prologue.o)
 .text.libgcc.fixed
                0x0000000000000000        0x0 c:/program files/microchip/xc8/v3.10/avr/bin/../lib/gcc/avr/5.4.0/avrxmega3\libgcc.a(_prologue.o)
 .text          0x0000000000000000        0x0 c:/program files/microchip/xc8/v3.10/avr/bin/../lib/gcc/avr/5.4.0/avrxmega3\libgcc.a(_epilogue.o)
 .data          0x0000000000000000        0x0 c:/program files/microchip/xc8/v3.10/avr/bin/../lib/gcc/avr/5.4.0/avrxmega3\libgcc.a(_epilogue.o)
 .bss           0x0000000000000000        0x0 c:/program files/microchip/xc8/v3.10/avr/bin/../lib/gcc/avr/5.4.0/avrxmega3\libgcc.a(_epilogue.o)
 .text.libgcc.mul
                0x0000000000000000        0x0 c:/program files/microchip/xc8/v3.10/avr/bin/../lib/gcc/avr/5.4.0/avrxmega3\libgcc.a(_epilogue.o)
 .text.libgcc.div
                0x0000000000000000        0x0 c:/program files/microchip/xc8/v3.10/avr/bin/../lib/gcc/avr/5.4.0/avrxmega3\libgcc.a(_epilogue.o)
 .text.libgcc   0x0000000000000000        0x0 c:/program files/microchip/xc8/v3.10/avr/bin/../lib/gcc/avr/5.4.0/avrxmega3\libgcc.a(_epilogue.o)
 .text.libgcc.builtins
                0x0000000000000000        0x0 c:/program files/microchip/xc8/v3.10/avr/bin/../lib/gcc/avr/5.4.0/avrxmega3\libgcc.a(_epilogue.o)
 .text.libgcc.fmul
                0x0000000000000000        0x0 c:/program files/microchip/xc8/v3.10/avr/bin/../lib/gcc/avr/5.4.0/avrxmega3\libgcc.a(_epilogue.o)
 .text.libgcc.fixed
                0x0000000000000000        0x0 c:/program files/microchip/xc8/v3.10/avr/bin/../lib/gcc/avr/5.4.0/avrxmega3\libgcc.a(_epilogue.o)
 .text          0x0000000000000000        0x0 c:/program files/microchip/xc8/v3.10/avr/bin/../lib/gcc/avr/5.4.0/avrxmega3\libgcc.a(_ashldi3.o)
 .data          0x0000000000000000        0x0 c:/program files/microchip/xc8/v3.10/avr/bin/../lib/gcc/avr/5.4.0/avrxmega3\libgcc.a(_ashldi3.o)
 .bss           0x0000000000000000        0x0 c:/program files/microchip/xc8/v3.10/avr/bin/../lib/gcc/avr/5.4.0/avrxmega3\libgcc.a(_ashldi3.o)
 .text.libgcc.mul
                0x0000000000000000        0x0 c:/program files/microchip/xc8/v3.10/avr/bin/../lib/gcc/avr/5.4.0/avrxmega3\libgcc.a(_ashldi3.o)
 .text.libgcc.div
                0x0000000000000000        0x0 c:/program files/microchip/xc8/v3.10/avr/bin/../lib/gcc/avr/5.4.0/avrxmega3\libgcc.a(_ashldi3.o)
 .text.libgcc   0x0000000000000000        0x0 c:/program files/microchip/xc8/v3.10/avr/bin/../lib/gcc/avr/5.4.0/avrxmega3\libgcc.a(_ashldi3.o)
 .text.libgcc.prologue
                0x0000000000000000        0x0 c:/program files/microchip/xc8/v3.10/avr/bin/../lib/gcc/avr/5.4.0/avrxmega3\libgcc.a(_ashldi3.o)
 .stack.descriptors
                0x0000000000000000       0x17 c:/program files/microchip/xc8/v3.10/avr/bin/../lib/gcc/avr/5.4.0/avrxmega3\libgcc.a(_ashldi3.o)
 .text.libgcc.fmul
                0x0000000000000000        0x0 c:/program files/microchip/xc8/v3.10/avr/bin/../lib/gcc/avr/5.4.0/avrxmega3\libgcc.a(_ashldi3.o)
 .text.libgcc.fixed
                0x0000000000000000        0x0 c:/program files/microchip/xc8/v3.10/avr/bin/../lib/gcc/avr/5.4.0/avrxmega3\libgcc.a(_ashldi3.o)
 .text          0x0000000000000000        0x0 c:/program files/microchip/xc8/v3.10/avr/bin/../lib/gcc/avr/5.4.0/avrxmega3\libgcc.a(_adddi3.o)
 .data          0x0000000000000000        0x0 c:/program files/microchip/xc8/v3.10/avr/bin/../lib/gcc/avr/5.4.0/avrxmega3\libgcc.a(_adddi3.o)
 .bss           0x0000000000000000        0x0 c:/program files/microchip/xc8/v3.10/avr/bin/../lib/gcc/avr/5.4.0/avrxmega3\libgcc.a(_adddi3.o)
 .text.libgcc.mul
                0x0000000000000000        0x0 c:/program files/microchip/xc8/v3.10/avr/bin/../lib/gcc/avr/5.4.0/avrxmega3\libgcc.a(_adddi3.o)
 .text.libgcc.div
                0x0000000000000000        0x0 c:/program files/microchip/xc8/v3.10/avr/bin/../lib/gcc/avr/5.4.0/avrxmega3\libgcc.a(_adddi3.o)
 .stack.descriptors
                0x0000000000000000       0x16 c:/program files/microchip/xc8/v3.10/avr/bin/../lib/gcc/avr/5.4.0/avrxmega3\libgcc.a(_adddi3.o)
 .text.libgcc.prologue
                0x0000000000000000        0x0 c:/program files/microchip/xc8/v3.10/avr/bin/../lib/gcc/avr/5.4.0/avrxmega3\libgcc.a(_adddi3.o)
 .text.libgcc.builtins
                0x0000000000000000        0x0 c:/program files/microchip/xc8/v3.10/avr/bin/../lib/gcc/avr/5.4.0/avrxmega3\libgcc.a(_adddi3.o)
 .text.libgcc.fmul
                0x0000000000000000        0x0 c:/program files/microchip/xc8/v3.10/avr/bin/../lib/gcc/avr/5.4.0/avrxmega3\libgcc.a(_adddi3.o)
 .text.libgcc.fixed
                0x0000000000000000        0x0 c:/program files/microchip/xc8/v3.10/avr/bin/../lib/gcc/avr/5.4.0/avrxmega3\libgcc.a(_adddi3.o)
 .text          0x0000000000000000        0x0 c:/program files/microchip/xc8/v3.10/avr/bin/../lib/gcc/avr/5.4.0/avrxmega3\libgcc.a(_cmpdi2_with_0.o)
 .data          0x0000000000000000        0x0 c:/program files/microchip/xc8/v3.10/avr/bin/../lib/gcc/avr/5.4.0/avrxmega3\libgcc.a(_cmpdi2_with_0.o)
 .bss           0x0000000000000000        0x0 c:/program files/microchip/xc8/v3.10/avr/bin/../lib/gcc/avr/5.4.0/avrxmega3\libgcc.a(_cmpdi2_with_0.o)
 .text.libgcc.mul
                0x0000000000000000        0x0 c:/program files/microchip/xc8/v3.10/avr/bin/../lib/gcc/avr/5.4.0/avrxmega3\libgcc.a(_cmpdi2_with_0.o)
 .text.libgcc.div
                0x0000000000000000        0x0 c:/program files/microchip/xc8/v3.10/avr/bin/../lib/gcc/avr/5.4.0/avrxmega3\libgcc.a(_cmpdi2_with_0.o)
 .stack.descriptors
                0x0000000000000000       0x1d c:/program files/microchip/xc8/v3.10/avr/bin/../lib/gcc/avr/5.4.0/avrxmega3\libgcc.a(_cmpdi2_with_0.o)
 .text.libgcc.prologue
                0x0000000000000000        0x0 c:/program files/microchip/xc8/v3.10/avr/bin/../lib/gcc/avr/5.4.0/avrxmega3\libgcc.a(_cmpdi2_with_0.o)
 .text.libgcc.builtins
                0x0000000000000000        0x0 c:/program files/microchip/xc8/v3.10/avr/bin/../lib/gcc/avr/5.4.0/avrxmega3\libgcc.a(_cmpdi2_with_0.o)
 .text.libgcc.fmul
                0x0000000000000000        0x0 c:/program files/microchip/xc8/v3.10/avr/bin/../lib/gcc/avr/5.4.0/avrxmega3\libgcc.a(_cmpdi2_with_0.o)
 .text.libgcc.fixed
                0x0000000000000000        0x0 c:/program files/microchip/xc8/v3.10/avr/bin/../lib/gcc/avr/5.4.0/avrxmega3\libgcc.a(_cmpdi2_with_0.o)
 .text          0x0000000000000000        0x0 c:/program files/microchip/xc8/v3.10/avr/bin/../lib/gcc/avr/5.4.0/../../../../avr/lib/avrxmega3\libc.a(exit.o)
 .data          0x0000000000000000        0x0 c:/program files/microchip/xc8/v3.10/avr/bin/../lib/gcc/avr/5.4.0/../../../../avr/lib/avrxmega3\libc.a(exit.o)
 .bss           0x0000000000000000        0x0 c:/program files/microchip/xc8/v3.10/avr/bin/../lib/gcc/avr/5.4.0/../../../../avr/lib/avrxmega3\libc.a(exit.o)
 .stack.descriptors
                0x0000000000000000       0x73 c:/program files/microchip/xc8/v3.10/avr/bin/../lib/gcc/avr/5.4.0/../../../../avr/lib/avrxmega3\libc.a(exit.o)
 .text          0x0000000000000000        0x0 c:/program files/microchip/xc8/v3.10/avr/bin/../lib/gcc/avr/5.4.0/../../../../avr/lib/avrxmega3\libc.a(_Exit.o)
 .data          0x0000000000000000        0x0 c:/program files/microchip/xc8/v3.10/avr/bin/../lib/gcc/avr/5.4.0/../../../../avr/lib/avrxmega3\libc.a(_Exit.o)
 .bss           0x0000000000000000        0x0 c:/program files/microchip/xc8/v3.10/avr/bin/../lib/gcc/avr/5.4.0/../../../../avr/lib/avrxmega3\libc.a(_Exit.o)
 .stack.descriptors
                0x0000000000000000       0x13 c:/program files/microchip/xc8/v3.10/avr/bin/../lib/gcc/avr/5.4.0/../../../../avr/lib/avrxmega3\libc.a(_Exit.o)
 .text          0x0000000000000000        0x0 C:/Program Files/Microchip/MPLABX/v6.30/packs/Microchip/ATmega_DFP/3.5.296/xc8/avr/lib/avrxmega3\libatmega4809.a(eerd_byte.o)
 .data          0x0000000000000000        0x0 C:/Program Files/Microchip/MPLABX/v6.30/packs/Microchip/ATmega_DFP/3.5.296/xc8/avr/lib/avrxmega3\libatmega4809.a(eerd_byte.o)
 .bss           0x0000000000000000        0x0 C:/Program Files/Microchip/MPLABX/v6.30/packs/Microchip/ATmega_DFP/3.5.296/xc8/avr/lib/avrxmega3\libatmega4809.a(eerd_byte.o)
 .stack.descriptors
                0x0000000000000000       0x38 C:/Program Files/Microchip/MPLABX/v6.30/packs/Microchip/ATmega_DFP/3.5.296/xc8/avr/lib/avrxmega3\libatmega4809.a(eerd_byte.o)
 .text          0x0000000000000000        0x0 C:/Program Files/Microchip/MPLABX/v6.30/packs/Microchip/ATmega_DFP/3.5.296/xc8/avr/lib/avrxmega3\libatmega4809.a(eerd_dword.o)
 .data          0x0000000000000000        0x0 C:/Program Files/Microchip/MPLABX/v6.30/packs/Microchip/ATmega_DFP/3.5.296/xc8/avr/lib/avrxmega3\libatmega4809.a(eerd_dword.o)
 .bss           0x0000000000000000        0x0 C:/Program Files/Microchip/MPLABX/v6.30/packs/Microchip/ATmega_DFP/3.5.296/xc8/avr/lib/avrxmega3\libatmega4809.a(eerd_dword.o)
 .stack.descriptors
                0x0000000000000000       0x3e C:/Program Files/Microchip/MPLABX/v6.30/packs/Microchip/ATmega_DFP/3.5.296/xc8/avr/lib/avrxmega3\libatmega4809.a(eerd_dword.o)
 .text          0x0000000000000000        0x0 C:/Program Files/Microchip/MPLABX/v6.30/packs/Microchip/ATmega_DFP/3.5.296/xc8/avr/lib/avrxmega3\libatmega4809.a(eeupd_byte.o)
 .data          0x0000000000000000        0x0 C:/Program Files/Microchip/MPLABX/v6.30/packs/Microchip/ATmega_DFP/3.5.296/xc8/avr/lib/avrxmega3\libatmega4809.a(eeupd_byte.o)
 .bss           0x0000000000000000        0x0 C:/Program Files/Microchip/MPLABX/v6.30/packs/Microchip/ATmega_DFP/3.5.296/xc8/avr/lib/avrxmega3\libatmega4809.a(eeupd_byte.o)
 .stack.descriptors
                0x0000000000000000       0x3f C:/Program Files/Microchip/MPLABX/v6.30/packs/Microchip/ATmega_DFP/3.5.296/xc8/avr/lib/avrxmega3\libatmega4809.a(eeupd_byte.o)
 .text          0x0000000000000000        0x0 C:/Program Files/Microchip/MPLABX/v6.30/packs/Microchip/ATmega_DFP/3.5.296/xc8/avr/lib/avrxmega3\libatmega4809.a(eeupd_dword.o)
 .data          0x0000000000000000        0x0 C:/Program Files/Microchip/MPLABX/v6.30/packs/Microchip/ATmega_DFP/3.5.296/xc8/avr/lib/avrxmega3\libatmega4809.a(eeupd_dword.o)
 .bss           0x0000000000000000        0x0 C:/Program Files/Microchip/MPLABX/v6.30/packs/Microchip/ATmega_DFP/3.5.296/xc8/avr/lib/avrxmega3\libatmega4809.a(eeupd_dword.o)
 .stack.descriptors
                0x0000000000000000       0x42 C:/Program Files/Microchip/MPLABX/v6.30/packs/Microchip/ATmega_DFP/3.5.296/xc8/avr/lib/avrxmega3\libatmega4809.a(eeupd_dword.o)
 .text          0x0000000000000000        0x0 C:/Program Files/Microchip/MPLABX/v6.30/packs/Microchip/ATmega_DFP/3.5.296/xc8/avr/lib/avrxmega3\libatmega4809.a(eewr_byte.o)
 .data          0x0000000000000000        0x0 C:/Program Files/Microchip/MPLABX/v6.30/packs/Microchip/ATmega_DFP/3.5.296/xc8/avr/lib/avrxmega3\libatmega4809.a(eewr_byte.o)
 .bss           0x0000000000000000        0x0 C:/Program Files/Microchip/MPLABX/v6.30/packs/Microchip/ATmega_DFP/3.5.296/xc8/avr/lib/avrxmega3\libatmega4809.a(eewr_byte.o)
 .stack.descriptors
                0x0000000000000000       0x3d C:/Program Files/Microchip/MPLABX/v6.30/packs/Microchip/ATmega_DFP/3.5.296/xc8/avr/lib/avrxmega3\libatmega4809.a(eewr_byte.o)
 .text          0x0000000000000000        0x0 c:/program files/microchip/xc8/v3.10/avr/bin/../lib/gcc/avr/5.4.0/avrxmega3\libgcc.a(_exit.o)
 .data          0x0000000000000000        0x0 c:/program files/microchip/xc8/v3.10/avr/bin/../lib/gcc/avr/5.4.0/avrxmega3\libgcc.a(_exit.o)
 .bss           0x0000000000000000        0x0 c:/program files/microchip/xc8/v3.10/avr/bin/../lib/gcc/avr/5.4.0/avrxmega3\libgcc.a(_exit.o)
 .text.libgcc.mul
                0x0000000000000000        0x0 c:/program files/microchip/xc8/v3.10/avr/bin/../lib/gcc/avr/5.4.0/avrxmega3\libgcc.a(_exit.o)
 .text.libgcc.div
                0x0000000000000000        0x0 c:/program files/microchip/xc8/v3.10/avr/bin/../lib/gcc/avr/5.4.0/avrxmega3\libgcc.a(_exit.o)
 .text.libgcc   0x0000000000000000        0x0 c:/program files/microchip/xc8/v3.10/avr/bin/../lib/gcc/avr/5.4.0/avrxmega3\libgcc.a(_exit.o)
 .text.libgcc.prologue
                0x0000000000000000        0x0 c:/program files/microchip/xc8/v3.10/avr/bin/../lib/gcc/avr/5.4.0/avrxmega3\libgcc.a(_exit.o)
 .stack.descriptors
                0x0000000000000000       0x13 c:/program files/microchip/xc8/v3.10/avr/bin/../lib/gcc/avr/5.4.0/avrxmega3\libgcc.a(_exit.o)
 .text.libgcc.builtins
                0x0000000000000000        0x0 c:/program files/microchip/xc8/v3.10/avr/bin/../lib/gcc/avr/5.4.0/avrxmega3\libgcc.a(_exit.o)
 .text.libgcc.fmul
                0x0000000000000000        0x0 c:/program files/microchip/xc8/v3.10/avr/bin/../lib/gcc/avr/5.4.0/avrxmega3\libgcc.a(_exit.o)
 .text.libgcc.fixed
                0x0000000000000000        0x0 c:/program files/microchip/xc8/v3.10/avr/bin/../lib/gcc/avr/5.4.0/avrxmega3\libgcc.a(_exit.o)

Memory Configuration

Name             Origin             Length             Attributes
text             0x0000000000000000 0x000000000000c000 xr
data             0x0000000000802800 0x0000000000001800 rw !x
eeprom           0x0000000000810000 0x0000000000000100 rw !x
fuse             0x0000000000820000 0x000000000000000a rw !x
lock             0x0000000000830000 0x0000000000000400 rw !x
signature        0x0000000000840000 0x0000000000000400 rw !x
user_signatures  0x0000000000850000 0x0000000000000400 rw !x
bootrow          0x0000000000860000 0x0000000000000400 rw !x
*default*        0x0000000000000000 0xffffffffffffffff

Linker script and memory map

Address of section .data set to 0x802800
                0x0000000000004000                __RODATA_PM_OFFSET__ = 0x4000
LOAD C:/Program Files/Microchip/MPLABX/v6.30/packs/Microchip/ATmega_DFP/3.5.296/xc8/avr/lib/avrxmega3/crtatmega4809.o
                0x0000000000000001                __MPLAB_BUILD = 0x1
LOAD build/default/production/main.o
START GROUP
LOAD c:/program files/microchip/xc8/v3.10/avr/bin/../lib/gcc/avr/5.4.0/../../../../avr/lib/avrxmega3\libm.a
END GROUP
START GROUP
LOAD c:/program files/microchip/xc8/v3.10/avr/bin/../lib/gcc/avr/5.4.0/avrxmega3\libgcc.a
LOAD c:/program files/microchip/xc8/v3.10/avr/bin/../lib/gcc/avr/5.4.0/../../../../avr/lib/avrxmega3\libm.a
LOAD c:/program files/microchip/xc8/v3.10/avr/bin/../lib/gcc/avr/5.4.0/../../../../avr/lib/avrxmega3\libc.a
LOAD C:/Program Files/Microchip/MPLABX/v6.30/packs/Microchip/ATmega_DFP/3.5.296/xc8/avr/lib/avrxmega3\libatmega4809.a
END GROUP
                [0x0000000000000000]                __TEXT_REGION_ORIGIN__ = DEFINED (__TEXT_REGION_ORIGIN__)?__TEXT_REGION_ORIGIN__:0x0
                [0x0000000000802800]                __DATA_REGION_ORIGIN__ = DEFINED (__DATA_REGION_ORIGIN__)?__DATA_REGION_ORIGIN__:0x802000
                [0x000000000000c000]                __TEXT_REGION_LENGTH__ = DEFINED (__TEXT_REGION_LENGTH__)?__TEXT_REGION_LENGTH__:0x100000
                [0x0000000000001800]                __DATA_REGION_LENGTH__ = DEFINED (__DATA_REGION_LENGTH__)?__DATA_REGION_LENGTH__:0xffa0
                [0x0000000000000100]                __EEPROM_REGION_LENGTH__ = DEFINED (__EEPROM_REGION_LENGTH__)?__EEPROM_REGION_LENGTH__:0x10000
                [0x000000000000000a]                __FUSE_REGION_LENGTH__ = DEFINED (__FUSE_REGION_LENGTH__)?__FUSE_REGION_LENGTH__:0x400
                0x0000000000000400                __LOCK_REGION_LENGTH__ = DEFINED (__LOCK_REGION_LENGTH__)?__LOCK_REGION_LENGTH__:0x400
                0x0000000000000400                __SIGNATURE_REGION_LENGTH__ = DEFINED (__SIGNATURE_REGION_LENGTH__)?__SIGNATURE_REGION_LENGTH__:0x400
                0x0000000000000400                __USER_SIGNATURE_REGION_LENGTH__ = DEFINED (__USER_SIGNATURE_REGION_LENGTH__)?__USER_SIGNATURE_REGION_LENGTH__:0x400
                0x0000000000008000                __RODATA_PM_OFFSET__ = DEFINED (__RODATA_PM_OFFSET__)?__RODATA_PM_OFFSET__:0x8000
                0x0000000000000400                __BOOTROW_REGION_LENGTH__ = DEFINED (__BOOTROW_REGION_LENGTH__)?__BOOTROW_REGION_LENGTH__:0x400

.hash
 *(.hash)

.dynsym
 *(.dynsym)

.dynstr
 *(.dynstr)

.gnu.version
 *(.gnu.version)

.gnu.version_d
 *(.gnu.version_d)

.gnu.version_r
 *(.gnu.version_r)

.rel.init
 *(.rel.init)

.rela.init
 *(.rela.init)

.rel.text
 *(.rel.text)
 *(.rel.text.*)
 *(.rel.gnu.linkonce.t*)

.rela.text
 *(.rela.text)
 *(.rela.text.*)
 *(.rela.gnu.linkonce.t*)

.rel.fini
 *(.rel.fini)

.rela.fini
 *(.rela.fini)

.rel.rodata
 *(.rel.rodata)
 *(.rel.rodata.*)
 *(.rel.gnu.linkonce.r*)

.rela.rodata
 *(.rela.rodata)
 *(.rela.rodata.*)
 *(.rela.gnu.linkonce.r*)

.rel.data
 *(.rel.data)
 *(.rel.data.*)
 *(.rel.gnu.linkonce.d*)

.rela.data
 *(.rela.data)
 *(.rela.data.*)
 *(.rela.gnu.linkonce.d*)

.rel.ctors
 *(.rel.ctors)

.rela.ctors
 *(.rela.ctors)

.rel.dtors
 *(.rel.dtors)

.rela.dtors
 *(.rela.dtors)

.rel.got
 *(.rel.got)

.rela.got
 *(.rela.got)

.rel.bss
 *(.rel.bss)

.rela.bss
 *(.rela.bss)

.rel.plt
 *(.rel.plt)

.rela.plt
 *(.rela.plt)

.text           0x0000000000000000      0x172
 *(.vectors)
 .vectors       0x0000000000000000       0xa0 C:/Program Files/Microchip/MPLABX/v6.30/packs/Microchip/ATmega_DFP/3.5.296/xc8/avr/lib/avrxmega3/crtatmega4809.o
                0x0000000000000000                __vector_default
                0x0000000000000000                __vectors
 *(.vectors)
 *(.progmem.gcc*)
 .progmem.gcc_sw_table.ssd1306_write_text
                0x00000000000000a0       0x5c build/default/production/main.o
 .progmem.gcc_sw_table.main
                0x00000000000000fc       0x1c build/default/production/main.o
 *(.dinit)
 .dinit         0x0000000000000118        0x5 data_init
                0x000000000000011e                . = ALIGN (0x2)
 *fill*         0x000000000000011d        0x1 
                0x000000000000011e                __trampolines_start = .
 *(.trampolines)
 .trampolines   0x000000000000011e        0x0 linker stubs
 *(.trampolines*)
                0x000000000000011e                __trampolines_end = .
 *libprintf_flt.a:*(.progmem.data)
 *libc.a:*(.progmem.data)
                0x000000000000011e                . = ALIGN (0x2)
 *(.jumptables)
 *(.jumptables*)
 *(.lowtext)
 *(.lowtext*)
                0x000000000000011e                __ctors_start = .
 *(.ctors)
                0x000000000000011e                __ctors_end = .
                0x000000000000011e                __dtors_start = .
 *(.dtors)
                0x000000000000011e                __dtors_end = .
 SORT(*)(.ctors)
 SORT(*)(.dtors)
 *(.init0)
 .init0         0x000000000000011e        0x0 C:/Program Files/Microchip/MPLABX/v6.30/packs/Microchip/ATmega_DFP/3.5.296/xc8/avr/lib/avrxmega3/crtatmega4809.o
                0x000000000000011e                __init
 *(.init0)
 *(.init1)
 *(.init1)
 *(.init2)
 .init2         0x000000000000011e        0xc C:/Program Files/Microchip/MPLABX/v6.30/packs/Microchip/ATmega_DFP/3.5.296/xc8/avr/lib/avrxmega3/crtatmega4809.o
 *(.init2)
 *(.init3)
 *(.init3)
 *(.init4)
 .init4         0x000000000000012a       0x3c c:/program files/microchip/xc8/v3.10/avr/bin/../lib/gcc/avr/5.4.0/avrxmega3\libgcc.a(_copy_data.o)
                0x000000000000012a                __do_copy_data
                0x0000000000000158                __do_clear_bss
 *(.init4)
 *(.init5)
 *(.init5)
 *(.init6)
 *(.init6)
 *(.init7)
 *(.init7)
 *(.init8)
 *(.init8)
 *(.init9)
 .init9         0x0000000000000166        0x8 C:/Program Files/Microchip/MPLABX/v6.30/packs/Microchip/ATmega_DFP/3.5.296/xc8/avr/lib/avrxmega3/crtatmega4809.o
 *(.init9)
                0x000000000000016e                . = ALIGN (0x2)
 *(.fini9)
 .fini9         0x000000000000016e        0x0 c:/program files/microchip/xc8/v3.10/avr/bin/../lib/gcc/avr/5.4.0/avrxmega3\libgcc.a(_exit.o)
                0x000000000000016e                _exit
 *(.fini9)
 *(.fini8)
 *(.fini8)
 *(.fini7)
 *(.fini7)
 *(.fini6)
 *(.fini6)
 *(.fini5)
 *(.fini5)
 *(.fini4)
 *(.fini4)
 *(.fini3)
 *(.fini3)
 *(.fini2)
 *(.fini2)
 *(.fini1)
 *(.fini1)
 *(.fini0)
 .fini0         0x000000000000016e        0x4 c:/program files/microchip/xc8/v3.10/avr/bin/../lib/gcc/avr/5.4.0/avrxmega3\libgcc.a(_exit.o)
 *(.fini0)
                0x0000000000000172                _etext = .

.data           0x0000000000802800        0x0 load address 0x0000000000000172
                [!provide]                        PROVIDE (__data_start, .)
 *(.gnu.linkonce.d*)
                0x0000000000802800                . = ALIGN (0x2)
                0x0000000000802800                _edata = .
                [!provide]                        PROVIDE (__data_end, .)

.bss            0x0000000000802800        0x0
                [!provide]                        PROVIDE (__bss_start, .)
 *(COMMON)
                [!provide]                        PROVIDE (__bss_end, .)
                0x0000000000000172                __data_load_start = LOADADDR (.data)
                0x0000000000000172                __data_load_end = (__data_load_start + SIZEOF (.data))

.noinit         0x0000000000802800        0x0
                [!provide]                        PROVIDE (__noinit_start, .)
 *(.noinit*)
                [!provide]                        PROVIDE (__noinit_end, .)
                0x0000000000802800                _end = .

.eeprom         0x0000000000810000        0x9
 *(.eeprom*)
 .eeprom        0x0000000000810000        0x9 build/default/production/main.o
                0x0000000000810009                __eeprom_end = .

.fuse
 *(.fuse)
 *(.lfuse)
 *(.hfuse)
 *(.efuse)

.lock
 *(.lock*)

.signature
 *(.signature*)

.user_signatures
 *(.user_signatures*)

.bootrow
 *(.bootrow*)

.stab
 *(.stab)

.stabstr
 *(.stabstr)

.stab.excl
 *(.stab.excl)

.stab.exclstr
 *(.stab.exclstr)

.stab.index
 *(.stab.index)

.stab.indexstr
 *(.stab.indexstr)

.comment        0x0000000000000000       0x5b
 *(.comment)
 .comment       0x0000000000000000       0x2f build/default/production/main.o
                                         0x30 (size before relaxing)
 .comment       0x000000000000002f       0x2c c:/program files/microchip/xc8/v3.10/avr/bin/../lib/gcc/avr/5.4.0/../../../../avr/lib/avrxmega3\libc.a(exit.o)
                                         0x2d (size before relaxing)
 .comment       0x000000000000005b       0x2d c:/program files/microchip/xc8/v3.10/avr/bin/../lib/gcc/avr/5.4.0/../../../../avr/lib/avrxmega3\libc.a(_Exit.o)

.stack.descriptors.hdr
                0x0000000000000000       0xe0
 .stack.descriptors.hdr
                0x0000000000000000        0xe c:/program files/microchip/xc8/v3.10/avr/bin/../lib/gcc/avr/5.4.0/avrxmega3\libgcc.a(_tablejump2.o)
 .stack.descriptors.hdr
                0x000000000000000e        0xe c:/program files/microchip/xc8/v3.10/avr/bin/../lib/gcc/avr/5.4.0/avrxmega3\libgcc.a(_divdi3.o)
 .stack.descriptors.hdr
                0x000000000000001c        0xe c:/program files/microchip/xc8/v3.10/avr/bin/../lib/gcc/avr/5.4.0/avrxmega3\libgcc.a(_udivdi3.o)
 .stack.descriptors.hdr
                0x000000000000002a        0xe c:/program files/microchip/xc8/v3.10/avr/bin/../lib/gcc/avr/5.4.0/avrxmega3\libgcc.a(_udivmod64.o)
 .stack.descriptors.hdr
                0x0000000000000038        0xe c:/program files/microchip/xc8/v3.10/avr/bin/../lib/gcc/avr/5.4.0/avrxmega3\libgcc.a(_negdi2.o)
 .stack.descriptors.hdr
                0x0000000000000046        0xe c:/program files/microchip/xc8/v3.10/avr/bin/../lib/gcc/avr/5.4.0/avrxmega3\libgcc.a(_ashldi3.o)
 .stack.descriptors.hdr
                0x0000000000000054        0xe c:/program files/microchip/xc8/v3.10/avr/bin/../lib/gcc/avr/5.4.0/avrxmega3\libgcc.a(_adddi3.o)
 .stack.descriptors.hdr
                0x0000000000000062        0xe c:/program files/microchip/xc8/v3.10/avr/bin/../lib/gcc/avr/5.4.0/avrxmega3\libgcc.a(_cmpdi2_with_0.o)
 .stack.descriptors.hdr
                0x0000000000000070        0xe c:/program files/microchip/xc8/v3.10/avr/bin/../lib/gcc/avr/5.4.0/../../../../avr/lib/avrxmega3\libc.a(exit.o)
 .stack.descriptors.hdr
                0x000000000000007e        0xe c:/program files/microchip/xc8/v3.10/avr/bin/../lib/gcc/avr/5.4.0/../../../../avr/lib/avrxmega3\libc.a(_Exit.o)
 .stack.descriptors.hdr
                0x000000000000008c        0xe C:/Program Files/Microchip/MPLABX/v6.30/packs/Microchip/ATmega_DFP/3.5.296/xc8/avr/lib/avrxmega3\libatmega4809.a(eerd_byte.o)
 .stack.descriptors.hdr
                0x000000000000009a        0xe C:/Program Files/Microchip/MPLABX/v6.30/packs/Microchip/ATmega_DFP/3.5.296/xc8/avr/lib/avrxmega3\libatmega4809.a(eerd_dword.o)
 .stack.descriptors.hdr
                0x00000000000000a8        0xe C:/Program Files/Microchip/MPLABX/v6.30/packs/Microchip/ATmega_DFP/3.5.296/xc8/avr/lib/avrxmega3\libatmega4809.a(eeupd_byte.o)
 .stack.descriptors.hdr
                0x00000000000000b6        0xe C:/Program Files/Microchip/MPLABX/v6.30/packs/Microchip/ATmega_DFP/3.5.296/xc8/avr/lib/avrxmega3\libatmega4809.a(eeupd_dword.o)
 .stack.descriptors.hdr
                0x00000000000000c4        0xe C:/Program Files/Microchip/MPLABX/v6.30/packs/Microchip/ATmega_DFP/3.5.296/xc8/avr/lib/avrxmega3\libatmega4809.a(eewr_byte.o)
 .stack.descriptors.hdr
                0x00000000000000d2        0xe c:/program files/microchip/xc8/v3.10/avr/bin/../lib/gcc/avr/5.4.0/avrxmega3\libgcc.a(_exit.o)

.note.GNU-stack
                0x0000000000000000        0x0
 .note.GNU-stack
                0x0000000000000000        0x0 c:/program files/microchip/xc8/v3.10/avr/bin/../lib/gcc/avr/5.4.0/../../../../avr/lib/avrxmega3\libc.a(exit.o)
 .note.GNU-stack
                0x0000000000000000        0x0 c:/program files/microchip/xc8/v3.10/avr/bin/../lib/gcc/avr/5.4.0/../../../../avr/lib/avrxmega3\libc.a(_Exit.o)

.note.gnu.build-id
 *(.note.gnu.build-id)

.debug
 *(.debug)

.line
 *(.line)

.debug_srcinfo
 *(.debug_srcinfo)

.debug_sfnames
 *(.debug_sfnames)

.debug_aranges  0x0000000000000000      0x100
 *(.debug_aranges)
 .debug_aranges
                0x0000000000000000       0x60 build/default/production/main.o
 .debug_aranges
                0x0000000000000060       0x20 C:/Program Files/Microchip/MPLABX/v6.30/packs/Microchip/ATmega_DFP/3.5.296/xc8/avr/lib/avrxmega3\libatmega4809.a(eerd_byte.o)
 .debug_aranges
                0x0000000000000080       0x20 C:/Program Files/Microchip/MPLABX/v6.30/packs/Microchip/ATmega_DFP/3.5.296/xc8/avr/lib/avrxmega3\libatmega4809.a(eerd_dword.o)
 .debug_aranges
                0x00000000000000a0       0x20 C:/Program Files/Microchip/MPLABX/v6.30/packs/Microchip/ATmega_DFP/3.5.296/xc8/avr/lib/avrxmega3\libatmega4809.a(eeupd_byte.o)
 .debug_aranges
                0x00000000000000c0       0x20 C:/Program Files/Microchip/MPLABX/v6.30/packs/Microchip/ATmega_DFP/3.5.296/xc8/avr/lib/avrxmega3\libatmega4809.a(eeupd_dword.o)
 .debug_aranges
                0x00000000000000e0       0x20 C:/Program Files/Microchip/MPLABX/v6.30/packs/Microchip/ATmega_DFP/3.5.296/xc8/avr/lib/avrxmega3\libatmega4809.a(eewr_byte.o)

.debug_pubnames
 *(.debug_pubnames)

.debug_info     0x0000000000000000     0x8b71
 *(.debug_info .gnu.linkonce.wi.*)
 .debug_info    0x0000000000000000     0x248a C:/Program Files/Microchip/MPLABX/v6.30/packs/Microchip/ATmega_DFP/3.5.296/xc8/avr/lib/avrxmega3/crtatmega4809.o
 .debug_info    0x000000000000248a     0x6382 build/default/production/main.o
 .debug_info    0x000000000000880c       0xad C:/Program Files/Microchip/MPLABX/v6.30/packs/Microchip/ATmega_DFP/3.5.296/xc8/avr/lib/avrxmega3\libatmega4809.a(eerd_byte.o)
 .debug_info    0x00000000000088b9       0xae C:/Program Files/Microchip/MPLABX/v6.30/packs/Microchip/ATmega_DFP/3.5.296/xc8/avr/lib/avrxmega3\libatmega4809.a(eerd_dword.o)
 .debug_info    0x0000000000008967       0xae C:/Program Files/Microchip/MPLABX/v6.30/packs/Microchip/ATmega_DFP/3.5.296/xc8/avr/lib/avrxmega3\libatmega4809.a(eeupd_byte.o)
 .debug_info    0x0000000000008a15       0xaf C:/Program Files/Microchip/MPLABX/v6.30/packs/Microchip/ATmega_DFP/3.5.296/xc8/avr/lib/avrxmega3\libatmega4809.a(eeupd_dword.o)
 .debug_info    0x0000000000008ac4       0xad C:/Program Files/Microchip/MPLABX/v6.30/packs/Microchip/ATmega_DFP/3.5.296/xc8/avr/lib/avrxmega3\libatmega4809.a(eewr_byte.o)

.debug_abbrev   0x0000000000000000     0x26e0
 *(.debug_abbrev)
 .debug_abbrev  0x0000000000000000     0x2296 C:/Program Files/Microchip/MPLABX/v6.30/packs/Microchip/ATmega_DFP/3.5.296/xc8/avr/lib/avrxmega3/crtatmega4809.o
 .debug_abbrev  0x0000000000002296      0x3e6 build/default/production/main.o
 .debug_abbrev  0x000000000000267c       0x14 C:/Program Files/Microchip/MPLABX/v6.30/packs/Microchip/ATmega_DFP/3.5.296/xc8/avr/lib/avrxmega3\libatmega4809.a(eerd_byte.o)
 .debug_abbrev  0x0000000000002690       0x14 C:/Program Files/Microchip/MPLABX/v6.30/packs/Microchip/ATmega_DFP/3.5.296/xc8/avr/lib/avrxmega3\libatmega4809.a(eerd_dword.o)
 .debug_abbrev  0x00000000000026a4       0x14 C:/Program Files/Microchip/MPLABX/v6.30/packs/Microchip/ATmega_DFP/3.5.296/xc8/avr/lib/avrxmega3\libatmega4809.a(eeupd_byte.o)
 .debug_abbrev  0x00000000000026b8       0x14 C:/Program Files/Microchip/MPLABX/v6.30/packs/Microchip/ATmega_DFP/3.5.296/xc8/avr/lib/avrxmega3\libatmega4809.a(eeupd_dword.o)
 .debug_abbrev  0x00000000000026cc       0x14 C:/Program Files/Microchip/MPLABX/v6.30/packs/Microchip/ATmega_DFP/3.5.296/xc8/avr/lib/avrxmega3\libatmega4809.a(eewr_byte.o)

.debug_line     0x0000000000000000      0xe6b
 *(.debug_line .debug_line.* .debug_line_end)
 .debug_line    0x0000000000000000      0x187 C:/Program Files/Microchip/MPLABX/v6.30/packs/Microchip/ATmega_DFP/3.5.296/xc8/avr/lib/avrxmega3/crtatmega4809.o
 .debug_line    0x0000000000000187      0xa41 build/default/production/main.o
 .debug_line    0x0000000000000bc8       0x79 C:/Program Files/Microchip/MPLABX/v6.30/packs/Microchip/ATmega_DFP/3.5.296/xc8/avr/lib/avrxmega3\libatmega4809.a(eerd_byte.o)
 .debug_line    0x0000000000000c41       0x6e C:/Program Files/Microchip/MPLABX/v6.30/packs/Microchip/ATmega_DFP/3.5.296/xc8/avr/lib/avrxmega3\libatmega4809.a(eerd_dword.o)
 .debug_line    0x0000000000000caf       0x80 C:/Program Files/Microchip/MPLABX/v6.30/packs/Microchip/ATmega_DFP/3.5.296/xc8/avr/lib/avrxmega3\libatmega4809.a(eeupd_byte.o)
 .debug_line    0x0000000000000d2f       0x7b C:/Program Files/Microchip/MPLABX/v6.30/packs/Microchip/ATmega_DFP/3.5.296/xc8/avr/lib/avrxmega3\libatmega4809.a(eeupd_dword.o)
 .debug_line    0x0000000000000daa       0xc1 C:/Program Files/Microchip/MPLABX/v6.30/packs/Microchip/ATmega_DFP/3.5.296/xc8/avr/lib/avrxmega3\libatmega4809.a(eewr_byte.o)

.debug_frame    0x0000000000000000      0x16c
 *(.debug_frame)
 .debug_frame   0x0000000000000000      0x16c build/default/production/main.o

.debug_str      0x0000000000000000     0x102e
 *(.debug_str)
 .debug_str     0x0000000000000000      0xf85 C:/Program Files/Microchip/MPLABX/v6.30/packs/Microchip/ATmega_DFP/3.5.296/xc8/avr/lib/avrxmega3/crtatmega4809.o
 .debug_str     0x0000000000000f85       0xa9 build/default/production/main.o

.debug_loc      0x0000000000000000     0x145d
 *(.debug_loc)
 .debug_loc     0x0000000000000000     0x145d build/default/production/main.o

.debug_macinfo
 *(.debug_macinfo)

.debug_weaknames
 *(.debug_weaknames)

.debug_funcnames
 *(.debug_funcnames)

.debug_typenames
 *(.debug_typenames)

.debug_varnames
 *(.debug_varnames)

.debug_pubtypes
 *(.debug_pubtypes)

.debug_ranges   0x0000000000000000      0x290
 *(.debug_ranges)
 .debug_ranges  0x0000000000000000      0x290 build/default/production/main.o

.debug_macro
 *(.debug_macro)
OUTPUT(dist/default/production/ATmega.X.production.elf elf32-avr)
LOAD linker stubs
LOAD data_init

.note.gnu.avr.deviceinfo
                0x0000000000000000       0x40
 .note.gnu.avr.deviceinfo
                0x0000000000000000       0x40 C:/Program Files/Microchip/MPLABX/v6.30/packs/Microchip/ATmega_DFP/3.5.296/xc8/avr/lib/avrxmega3/crtatmega4809.o

.bss.line.4162  0x0000000000802800       0x18
 .bss.line.4162
                0x0000000000802800       0x18 build/default/production/main.o

.bss.line_len.4163
                0x0000000000802818        0x1
 .bss.line_len.4163
                0x0000000000802818        0x1 build/default/production/main.o

.text.main      0x0000000000000172      0xad8
 .text.main     0x0000000000000172      0xad8 build/default/production/main.o
                0x0000000000000172                main

.text.ssd1306_write_text
                0x0000000000000c4a      0x246
 .text.ssd1306_write_text
                0x0000000000000c4a      0x246 build/default/production/main.o

.text.libgcc.div
                0x0000000000000e90       0xa2
 .text.libgcc.div
                0x0000000000000e90       0xa2 c:/program files/microchip/xc8/v3.10/avr/bin/../lib/gcc/avr/5.4.0/avrxmega3\libgcc.a(_udivmod64.o)
                0x0000000000000e90                __udivmod64

.rodata         0x0000000000804f32       0x99 load address 0x0000000000000f32
 .rodata        0x0000000000804f32       0x99 build/default/production/main.o

.text.ssd1306_clear
                0x0000000000000fcc       0x92
 .text.ssd1306_clear
                0x0000000000000fcc       0x92 build/default/production/main.o

.text.ssd1306_cmds
                0x000000000000105e       0x66
 .text.ssd1306_cmds
                0x000000000000105e       0x66 build/default/production/main.o

.text.libgcc.div
                0x00000000000010c4       0x62
 .text.libgcc.div
                0x00000000000010c4       0x62 c:/program files/microchip/xc8/v3.10/avr/bin/../lib/gcc/avr/5.4.0/avrxmega3\libgcc.a(_divdi3.o)
                0x00000000000010c4                __moddi3
                0x00000000000010c8                __divdi3
                0x00000000000010ca                __divdi3_moddi3

.text.libgcc.prologue
                0x0000000000001126       0x32
 .text.libgcc.prologue
                0x0000000000001126       0x32 c:/program files/microchip/xc8/v3.10/avr/bin/../lib/gcc/avr/5.4.0/avrxmega3\libgcc.a(_prologue.o)
                0x0000000000001126                __prologue_saves__

.text.libgcc.builtins
                0x0000000000001158       0x32
 .text.libgcc.builtins
                0x0000000000001158       0x32 c:/program files/microchip/xc8/v3.10/avr/bin/../lib/gcc/avr/5.4.0/avrxmega3\libgcc.a(_ashldi3.o)
                0x0000000000001158                __ashldi3

.text.libgcc.prologue
                0x000000000000118a       0x30
 .text.libgcc.prologue
                0x000000000000118a       0x30 c:/program files/microchip/xc8/v3.10/avr/bin/../lib/gcc/avr/5.4.0/avrxmega3\libgcc.a(_epilogue.o)
                0x000000000000118a                __epilogue_restores__

.text.twi0_wait_wif
                0x00000000000011ba       0x28
 .text.twi0_wait_wif
                0x00000000000011ba       0x28 build/default/production/main.o

.text.avrlibc   0x00000000000011e2       0x28
 .text.avrlibc  0x00000000000011e2       0x28 C:/Program Files/Microchip/MPLABX/v6.30/packs/Microchip/ATmega_DFP/3.5.296/xc8/avr/lib/avrxmega3\libatmega4809.a(eewr_byte.o)
                0x00000000000011e2                eeprom_write_byte
                0x00000000000011e4                eeprom_write_r18

.text.twi0_start_write
                0x000000000000120a       0x20
 .text.twi0_start_write
                0x000000000000120a       0x20 build/default/production/main.o

.text.libgcc    0x000000000000122a       0x20
 .text.libgcc   0x000000000000122a       0x20 c:/program files/microchip/xc8/v3.10/avr/bin/../lib/gcc/avr/5.4.0/avrxmega3\libgcc.a(_negdi2.o)
                0x000000000000122a                __negdi2

.text.uart_write_str
                0x000000000000124a       0x1e
 .text.uart_write_str
                0x000000000000124a       0x1e build/default/production/main.o

.text.twi0_write_byte
                0x0000000000001268       0x1e
 .text.twi0_write_byte
                0x0000000000001268       0x1e build/default/production/main.o

.rodata.init_cmds.4310
                0x0000000000805286       0x1c load address 0x0000000000001286
 .rodata.init_cmds.4310
                0x0000000000805286       0x1c build/default/production/main.o

.text.libgcc.div
                0x00000000000012a2       0x1c
 .text.libgcc.div
                0x00000000000012a2       0x1c c:/program files/microchip/xc8/v3.10/avr/bin/../lib/gcc/avr/5.4.0/avrxmega3\libgcc.a(_udivdi3.o)
                0x00000000000012a2                __umoddi3
                0x00000000000012a6                __udivdi3
                0x00000000000012a8                __udivdi3_umoddi3

.text.avrlibc   0x00000000000012be       0x18
 .text.avrlibc  0x00000000000012be       0x18 C:/Program Files/Microchip/MPLABX/v6.30/packs/Microchip/ATmega_DFP/3.5.296/xc8/avr/lib/avrxmega3\libatmega4809.a(eeupd_dword.o)
                0x00000000000012be                eeprom_update_float
                0x00000000000012be                eeprom_update_dword

.text.exit      0x00000000000012d6       0x16
 .text.exit     0x00000000000012d6       0x16 c:/program files/microchip/xc8/v3.10/avr/bin/../lib/gcc/avr/5.4.0/../../../../avr/lib/avrxmega3\libc.a(exit.o)
                0x00000000000012d6                exit

.text.avrlibc   0x00000000000012ec       0x16
 .text.avrlibc  0x00000000000012ec       0x16 C:/Program Files/Microchip/MPLABX/v6.30/packs/Microchip/ATmega_DFP/3.5.296/xc8/avr/lib/avrxmega3\libatmega4809.a(eeupd_byte.o)
                0x00000000000012ec                eeprom_update_byte
                0x00000000000012ee                eeprom_update_r18

.text.libgcc    0x0000000000001302       0x12
 .text.libgcc   0x0000000000001302       0x12 c:/program files/microchip/xc8/v3.10/avr/bin/../lib/gcc/avr/5.4.0/avrxmega3\libgcc.a(_adddi3.o)
                0x0000000000001302                __adddi3

.text.libgcc    0x0000000000001314       0x12
 .text.libgcc   0x0000000000001314       0x12 c:/program files/microchip/xc8/v3.10/avr/bin/../lib/gcc/avr/5.4.0/avrxmega3\libgcc.a(_cmpdi2_with_0.o)
                0x0000000000001314                __cmpdi2_with_0

.text.uart_write_byte
                0x0000000000001326       0x10
 .text.uart_write_byte
                0x0000000000001326       0x10 build/default/production/main.o

.text.avrlibc   0x0000000000001336       0x10
 .text.avrlibc  0x0000000000001336       0x10 C:/Program Files/Microchip/MPLABX/v6.30/packs/Microchip/ATmega_DFP/3.5.296/xc8/avr/lib/avrxmega3\libatmega4809.a(eerd_byte.o)
                0x0000000000001336                eeprom_read_byte
                0x000000000000133e                eeprom_mapen

.text.avrlibc   0x0000000000001346        0xe
 .text.avrlibc  0x0000000000001346        0xe C:/Program Files/Microchip/MPLABX/v6.30/packs/Microchip/ATmega_DFP/3.5.296/xc8/avr/lib/avrxmega3\libatmega4809.a(eerd_dword.o)
                0x0000000000001346                eeprom_read_float
                0x0000000000001346                eeprom_read_dword

.text.libgcc    0x0000000000001354        0xc
 .text.libgcc   0x0000000000001354        0xc c:/program files/microchip/xc8/v3.10/avr/bin/../lib/gcc/avr/5.4.0/avrxmega3\libgcc.a(_tablejump2.o)
                0x0000000000001354                __tablejump2__

.rodata.Z.4241  0x0000000000805360        0x5 load address 0x0000000000001360
 .rodata.Z.4241
                0x0000000000805360        0x5 build/default/production/main.o

.rodata.Y.4240  0x0000000000805365        0x5 load address 0x0000000000001365
 .rodata.Y.4240
                0x0000000000805365        0x5 build/default/production/main.o

.rodata.X.4239  0x000000000080536a        0x5 load address 0x000000000000136a
 .rodata.X.4239
                0x000000000080536a        0x5 build/default/production/main.o

.rodata.W.4238  0x000000000080536f        0x5 load address 0x000000000000136f
 .rodata.W.4238
                0x000000000080536f        0x5 build/default/production/main.o

.rodata.V.4237  0x0000000000805374        0x5 load address 0x0000000000001374
 .rodata.V.4237
                0x0000000000805374        0x5 build/default/production/main.o

.rodata.U.4236  0x0000000000805379        0x5 load address 0x0000000000001379
 .rodata.U.4236
                0x0000000000805379        0x5 build/default/production/main.o

.rodata.T.4235  0x000000000080537e        0x5 load address 0x000000000000137e
 .rodata.T.4235
                0x000000000080537e        0x5 build/default/production/main.o

.rodata.S.4234  0x0000000000805383        0x5 load address 0x0000000000001383
 .rodata.S.4234
                0x0000000000805383        0x5 build/default/production/main.o

.rodata.R.4233  0x0000000000805388        0x5 load address 0x0000000000001388
 .rodata.R.4233
                0x0000000000805388        0x5 build/default/production/main.o

.rodata.Q.4232  0x000000000080538d        0x5 load address 0x000000000000138d
 .rodata.Q.4232
                0x000000000080538d        0x5 build/default/production/main.o

.rodata.P.4231  0x0000000000805392        0x5 load address 0x0000000000001392
 .rodata.P.4231
                0x0000000000805392        0x5 build/default/production/main.o

.rodata.O.4230  0x0000000000805397        0x5 load address 0x0000000000001397
 .rodata.O.4230
                0x0000000000805397        0x5 build/default/production/main.o

.rodata.N.4229  0x000000000080539c        0x5 load address 0x000000000000139c
 .rodata.N.4229
                0x000000000080539c        0x5 build/default/production/main.o

.rodata.M.4228  0x00000000008053a1        0x5 load address 0x00000000000013a1
 .rodata.M.4228
                0x00000000008053a1        0x5 build/default/production/main.o

.rodata.L.4227  0x00000000008053a6        0x5 load address 0x00000000000013a6
 .rodata.L.4227
                0x00000000008053a6        0x5 build/default/production/main.o

.rodata.K.4226  0x00000000008053ab        0x5 load address 0x00000000000013ab
 .rodata.K.4226
                0x00000000008053ab        0x5 build/default/production/main.o

.rodata.J.4225  0x00000000008053b0        0x5 load address 0x00000000000013b0
 .rodata.J.4225
                0x00000000008053b0        0x5 build/default/production/main.o

.rodata.I.4224  0x00000000008053b5        0x5 load address 0x00000000000013b5
 .rodata.I.4224
                0x00000000008053b5        0x5 build/default/production/main.o

.rodata.H.4223  0x00000000008053ba        0x5 load address 0x00000000000013ba
 .rodata.H.4223
                0x00000000008053ba        0x5 build/default/production/main.o

.rodata.G.4222  0x00000000008053bf        0x5 load address 0x00000000000013bf
 .rodata.G.4222
                0x00000000008053bf        0x5 build/default/production/main.o

.rodata.F.4221  0x00000000008053c4        0x5 load address 0x00000000000013c4
 .rodata.F.4221
                0x00000000008053c4        0x5 build/default/production/main.o

.rodata.E.4220  0x00000000008053c9        0x5 load address 0x00000000000013c9
 .rodata.E.4220
                0x00000000008053c9        0x5 build/default/production/main.o

.rodata.D.4219  0x00000000008053ce        0x5 load address 0x00000000000013ce
 .rodata.D.4219
                0x00000000008053ce        0x5 build/default/production/main.o

.rodata.C.4218  0x00000000008053d3        0x5 load address 0x00000000000013d3
 .rodata.C.4218
                0x00000000008053d3        0x5 build/default/production/main.o

.rodata.B.4217  0x00000000008053d8        0x5 load address 0x00000000000013d8
 .rodata.B.4217
                0x00000000008053d8        0x5 build/default/production/main.o

.rodata.A.4216  0x00000000008053dd        0x5 load address 0x00000000000013dd
 .rodata.A.4216
                0x00000000008053dd        0x5 build/default/production/main.o

.rodata.d9.4215
                0x00000000008053e2        0x5 load address 0x00000000000013e2
 .rodata.d9.4215
                0x00000000008053e2        0x5 build/default/production/main.o

.rodata.d8.4214
                0x00000000008053e7        0x5 load address 0x00000000000013e7
 .rodata.d8.4214
                0x00000000008053e7        0x5 build/default/production/main.o

.rodata.d7.4213
                0x00000000008053ec        0x5 load address 0x00000000000013ec
 .rodata.d7.4213
                0x00000000008053ec        0x5 build/default/production/main.o

.rodata.d6.4212
                0x00000000008053f1        0x5 load address 0x00000000000013f1
 .rodata.d6.4212
                0x00000000008053f1        0x5 build/default/production/main.o

.rodata.d5.4211
                0x00000000008053f6        0x5 load address 0x00000000000013f6
 .rodata.d5.4211
                0x00000000008053f6        0x5 build/default/production/main.o

.rodata.d4.4210
                0x00000000008053fb        0x5 load address 0x00000000000013fb
 .rodata.d4.4210
                0x00000000008053fb        0x5 build/default/production/main.o

.rodata.d3.4209
                0x0000000000805400        0x5 load address 0x0000000000001400
 .rodata.d3.4209
                0x0000000000805400        0x5 build/default/production/main.o

.rodata.d2.4208
                0x0000000000805405        0x5 load address 0x0000000000001405
 .rodata.d2.4208
                0x0000000000805405        0x5 build/default/production/main.o

.rodata.d1.4207
                0x000000000080540a        0x5 load address 0x000000000000140a
 .rodata.d1.4207
                0x000000000080540a        0x5 build/default/production/main.o

.rodata.d0.4206
                0x000000000080540f        0x5 load address 0x000000000000140f
 .rodata.d0.4206
                0x000000000080540f        0x5 build/default/production/main.o

.rodata.minus.4205
                0x0000000000805414        0x5 load address 0x0000000000001414
 .rodata.minus.4205
                0x0000000000805414        0x5 build/default/production/main.o

.rodata.colon.4204
                0x0000000000805419        0x5 load address 0x0000000000001419
 .rodata.colon.4204
                0x0000000000805419        0x5 build/default/production/main.o

.rodata.blank.4203
                0x000000000080541e        0x5 load address 0x000000000000141e
 .rodata.blank.4203
                0x000000000080541e        0x5 build/default/production/main.o

.text           0x0000000000001424        0x4
 .text          0x0000000000001424        0x4 C:/Program Files/Microchip/MPLABX/v6.30/packs/Microchip/ATmega_DFP/3.5.296/xc8/avr/lib/avrxmega3/crtatmega4809.o
                0x0000000000001424                __vector_38
                0x0000000000001424                __vector_22
                0x0000000000001424                __vector_28
                0x0000000000001424                __vector_1
                0x0000000000001424                __vector_32
                0x0000000000001424                __vector_34
                0x0000000000001424                __vector_24
                0x0000000000001424                __vector_12
                0x0000000000001424                __bad_interrupt
                0x0000000000001424                __vector_6
                0x0000000000001424                __vector_31
                0x0000000000001424                __vector_35
                0x0000000000001424                __vector_39
                0x0000000000001424                __vector_3
                0x0000000000001424                __vector_23
                0x0000000000001424                __vector_30
                0x0000000000001424                __vector_25
                0x0000000000001424                __vector_11
                0x0000000000001424                __vector_13
                0x0000000000001424                __vector_17
                0x0000000000001424                __vector_19
                0x0000000000001424                __vector_7
                0x0000000000001424                __vector_27
                0x0000000000001424                __vector_5
                0x0000000000001424                __vector_33
                0x0000000000001424                __vector_37
                0x0000000000001424                __vector_4
                0x0000000000001424                __vector_9
                0x0000000000001424                __vector_2
                0x0000000000001424                __vector_21
                0x0000000000001424                __vector_15
                0x0000000000001424                __vector_36
                0x0000000000001424                __vector_29
                0x0000000000001424                __vector_8
                0x0000000000001424                __vector_26
                0x0000000000001424                __vector_14
                0x0000000000001424                __vector_10
                0x0000000000001424                __vector_16
                0x0000000000001424                __vector_18
                0x0000000000001424                __vector_20

.text._Exit     0x0000000000001428        0x4
 .text._Exit    0x0000000000001428        0x4 c:/program files/microchip/xc8/v3.10/avr/bin/../lib/gcc/avr/5.4.0/../../../../avr/lib/avrxmega3\libc.a(_Exit.o)
                0x0000000000001428                _Exit

.text.__dummy_fini
                0x000000000000142c        0x2
 .text.__dummy_fini
                0x000000000000142c        0x2 c:/program files/microchip/xc8/v3.10/avr/bin/../lib/gcc/avr/5.4.0/../../../../avr/lib/avrxmega3\libc.a(exit.o)
                0x000000000000142c                _fini

.text.__dummy_funcs_on_exit
                0x000000000000142e        0x2
 .text.__dummy_funcs_on_exit
                0x000000000000142e        0x2 c:/program files/microchip/xc8/v3.10/avr/bin/../lib/gcc/avr/5.4.0/../../../../avr/lib/avrxmega3\libc.a(exit.o)
                0x000000000000142e                __funcs_on_exit

.text.__dummy_simulator_exit
                0x0000000000001430        0x2
 .text.__dummy_simulator_exit
                0x0000000000001430        0x2 c:/program files/microchip/xc8/v3.10/avr/bin/../lib/gcc/avr/5.4.0/../../../../avr/lib/avrxmega3\libc.a(exit.o)
                0x0000000000001430                __simulator_exit
